2025-08-02T09:58:37.185Z [JOB-INFO]: Starting job: test-scraper_property24_1754128717164 
2025-08-02T09:58:37.186Z [JOB-INFO]: Starting job: test-scraper_property24_1754128717166 
2025-08-02T09:58:39.209Z [JOB-INFO]: Job completed: test-scraper_property24_1754128717164 
2025-08-02T15:53:17.802Z [JOB-INFO]: Starting job: scraper_property24_1754149997795 
2025-08-02T15:53:35.225Z [JOB-ERROR]: Job failed: scraper_property24_1754149997795 
2025-08-02T16:20:07.339Z [JOB-INFO]: Starting job: scraper_property24_1754151607327 
2025-08-02T16:20:23.691Z [JOB-ERROR]: Job failed: scraper_property24_1754151607327 
2025-08-02T17:25:00.845Z [JOB-INFO]: Starting job: scraper_property24_1754155500837 
2025-08-02T17:25:21.823Z [JOB-ERROR]: Job failed: scraper_property24_1754155500837 
2025-08-02T17:29:48.358Z [JOB-INFO]: Starting job: scraper_property24_1754155788346 
2025-08-02T17:30:06.859Z [JOB-ERROR]: Job failed: scraper_property24_1754155788346 
2025-08-02T17:32:07.325Z [JOB-INFO]: Starting job: scraper_property24_1754155927313 
2025-08-02T17:32:23.024Z [JOB-ERROR]: Job failed: scraper_property24_1754155927313 
2025-08-02T17:34:37.272Z [JOB-INFO]: Starting job: scraper_property24_1754156077265 
2025-08-02T17:34:45.043Z [JOB-INFO]: Job completed: scraper_property24_1754156077265 
2025-08-02T17:38:03.136Z [JOB-INFO]: Starting job: scraper_property24_1754156283129 
2025-08-02T17:38:08.964Z [JOB-INFO]: Job completed: scraper_property24_1754156283129 
2025-08-02T17:50:58.754Z [JOB-INFO]: Starting job: scraper_privateproperty_1754157058748 
2025-08-02T17:51:52.292Z [JOB-INFO]: Job completed: scraper_privateproperty_1754157058748 
2025-08-03T08:01:21.625Z [JOB-INFO]: Starting job: scraper_privateproperty_1754208081618 
2025-08-03T08:02:19.035Z [JOB-INFO]: Job completed: scraper_privateproperty_1754208081618 
2025-08-03T08:10:41.025Z [JOB-INFO]: Starting job: scraper_privateproperty_1754208641015 
2025-08-03T08:11:34.543Z [JOB-INFO]: Job completed: scraper_privateproperty_1754208641015 
2025-08-03T08:16:28.319Z [JOB-INFO]: Starting job: scraper_property24_1754208988312 
2025-08-03T08:16:40.700Z [JOB-ERROR]: Job failed: scraper_property24_1754208988312 
2025-08-03T08:33:54.781Z [JOB-INFO]: Starting job: scraper_property24_1754210034774 
2025-08-03T08:34:16.735Z [JOB-ERROR]: Job failed: scraper_property24_1754210034774 
2025-08-03T08:34:58.120Z [JOB-INFO]: Starting job: scraper_property24_1754210098114 
2025-08-03T08:35:15.158Z [JOB-ERROR]: Job failed: scraper_property24_1754210098114 
2025-08-03T14:08:54.052Z [JOB-INFO]: Starting job: scraper_property24_1754230134045 
2025-08-03T14:09:07.147Z [JOB-INFO]: Job completed: scraper_property24_1754230134045 
2025-08-03T14:10:52.524Z [JOB-INFO]: Starting job: scraper_property24_1754230252517 
2025-08-03T14:11:04.545Z [JOB-INFO]: Job completed: scraper_property24_1754230252517 
2025-08-03T15:39:50.772Z [JOB-INFO]: Starting job: scraper_property24_1754235590765 
2025-08-03T15:40:05.916Z [JOB-INFO]: Job completed: scraper_property24_1754235590765 
2025-08-03T16:28:44.449Z [JOB-INFO]: Starting job: scraper_property24_1754238524443 
2025-08-03T16:28:57.236Z [JOB-INFO]: Job completed: scraper_property24_1754238524443 
2025-08-03T16:29:51.449Z [JOB-INFO]: Starting job: scraper_property24_1754238591444 
2025-08-03T16:30:01.309Z [JOB-INFO]: Job completed: scraper_property24_1754238591444 
2025-08-03T16:31:54.665Z [JOB-INFO]: Starting job: scraper_property24_1754238714659 
2025-08-03T16:32:03.893Z [JOB-INFO]: Job completed: scraper_property24_1754238714659 
2025-08-03T16:32:32.032Z [JOB-INFO]: Starting job: scraper_property24_1754238752026 
2025-08-03T16:32:42.227Z [JOB-INFO]: Job completed: scraper_property24_1754238752026 
2025-08-03T16:36:16.971Z [JOB-INFO]: Starting job: scraper_property24_1754238976964 
2025-08-03T16:36:27.966Z [JOB-INFO]: Job completed: scraper_property24_1754238976964 
2025-08-03T16:37:58.150Z [JOB-INFO]: Starting job: scraper_property24_1754239078141 
2025-08-03T16:38:06.551Z [JOB-ERROR]: Job failed: scraper_property24_1754239078141 
2025-08-03T16:39:22.563Z [JOB-INFO]: Starting job: scraper_property24_1754239162557 
2025-08-03T16:39:32.685Z [JOB-ERROR]: Job failed: scraper_property24_1754239162557 
2025-08-03T16:40:42.222Z [JOB-INFO]: Starting job: scraper_property24_1754239242215 
2025-08-03T16:40:52.545Z [JOB-INFO]: Job completed: scraper_property24_1754239242215 
2025-08-03T16:50:05.243Z [JOB-INFO]: Starting job: scraper_property24_1754239805229 
2025-08-03T16:50:17.421Z [JOB-INFO]: Job completed: scraper_property24_1754239805229 
2025-08-05T18:06:57.693Z [JOB-INFO]: Starting job: scraper_property24_1754417217682 
2025-08-05T18:07:45.209Z [JOB-INFO]: Job completed: scraper_property24_1754417217682 
2025-08-05T18:22:40.241Z [JOB-INFO]: Starting job: scraper_property24_1754418160234 
2025-08-05T18:23:03.157Z [JOB-INFO]: Job completed: scraper_property24_1754418160234 
2025-08-05T18:47:18.425Z [JOB-INFO]: Starting job: scraper_property24_1754419638417 
2025-08-05T18:47:39.011Z [JOB-INFO]: Job completed: scraper_property24_1754419638417 
2025-08-05T19:15:57.382Z [JOB-INFO]: Starting job: scraper_property24_1754421357371 
2025-08-05T19:19:27.816Z [JOB-INFO]: Job completed: scraper_property24_1754421357371 
2025-08-05T19:47:38.521Z [JOB-INFO]: Starting job: scraper_property24_1754423258516 
2025-08-05T19:50:18.023Z [JOB-INFO]: Job completed: scraper_property24_1754423258516 
2025-08-07T16:54:07.294Z [JOB-INFO]: Starting job: scraper_property24_1754585647286 
2025-08-07T16:54:28.455Z [JOB-INFO]: Job completed: scraper_property24_1754585647286 
2025-08-09T06:40:29.537Z [JOB-INFO]: Starting job: scraper_property24_1754721629530 
2025-08-09T06:43:11.634Z [JOB-INFO]: Job completed: scraper_property24_1754721629530 
